c[?7l[2J[0mSeaBIOS (version 1.16.3-debian-1.16.3-2)


iPXE (https://ipxe.org) 00:03.0 CA00 PCI2.10 PnP PMM+1EFCAF60+1EF0AF60 CA00
Press Ctrl-B to configure iPXE (PCI 00:03.0)...                                                                               


Booting from Hard Disk...
Boot failed: could not read the boot disk

Booting from Floppy...
Boot failed: could not read the boot disk

Booting from DVD/CD...
[0;1mUse arrows to navigate, Enter to select, Esc to go back[01;01H[2J[02;30HGNU GRUB  version 2.12[04;02H┌[04;02H[04;03H────────────────────────────────────────────────────────────────────────────┐[05;02H│[05;79H│[06;02H│[06;79H│[06;79H[07;02H│[07;79H│[08;02H│[08;79H│[09;02H│[09;79H│[10;02H│[10;79H│[11;02H│[11;79H│[12;02H│[12;79H│[13;02H│[13;79H│[14;02H│[14;79H│[15;02H│[15;79H│[16;02H│[16;79H│[17;02H│[17;79H│[18;02H└───────────────────────[18;25H[18;26H─────────────────────────────────────────────────────┘[20;02H     Use the ↑ and ↓ keys to select which entry is highli[20;58H[20;59Hghted.          
      Press enter to boot the selected OS, `e' to edit the commands       
      before booting or `c' for a command-line.                           [05;80H [05;03H[0;30;46m*NoirOS - Main System                                                       [06;03H[0;1m NoirOS - Recovery, Debug                                  [06;61H[06;62H                 [07;03H System Utilities                                                           [08;03H ??????????????????????????????                         [08;58H[08;59H                    [09;03H Reboot System                                                              [10;03H Shutdown System                                  [10;52H[10;53H                          [11;03H                                                                            [12;03H                                             [12;47H[12;48H                               [13;03H                                                                            [14;03H                                                                            [15;03H                                                                            [16;03H                                                [16;50H[16;51H                            [17;03H                                                                            [17;80H 





   The highlighted entry will be executed automatically in 8s.                 [05;78H

















 [23;02H  The highlighted entry will be executed automatically in 7s.                 [05;78H

















   The highlighted entry will be executed automatically in 6s.                 [05;78H

















   The highlighted entry will be executed automatically in 5s.                 [05;78H

















   The highlighted entry will be executed automatically in [23;59H[23;60H4s.                 [05;78H

















   The highlighted entry[23;24H[23;25H will be executed automatically in 3s.                 [05;78H

















 [23;02H  The highlighted entry will be executed automatically in 2s.                 [05;78H

















   The highlighted entry will be executed automatically in 1s.                 [05;78H

















   The highlighted entry will be executed automatically in 0s.                 [01;01H[2J[2J================================
   Booting NoirOS Kernel...
   Initializing subsystems...
   File system, UI, and devices
================================
NoirOS started successfully!
